{"config":{"lang":["en"],"separator":"[\\s\\-]+","pipeline":["stopWordFilter"]},"docs":[{"location":"","title":"Welcome","text":"<p>This is the automatically generated functional documentation for the project. </p> <p>Use the navigation on the left to explore the documented processes.</p>"},{"location":"main-section/sub-section/my-documentation-page/","title":"My Documentation Page","text":"<p>Source: <code>Bambamboole\\LaravelOpenApi\\Commands\\GenerateMKDocsCommand</code></p> <p>This is the main description of the functionality. It can span multiple lines, and paragraphs are created automatically.</p> <p>You can use standard Markdown formatting like bold and <code>inline code</code>.</p>"},{"location":"main-section/sub-section/my-documentation-page/#section-headings","title":"Section Headings","text":"<p>Use Markdown headings (starting with <code>#</code>) to structure your document. The script will automatically \"demote\" them to fit the page structure, so you'll see this render as an <code>&lt;h2&gt;</code> on the page.</p> <p>Here is a list of key features:</p> <ul> <li>Feature One: Does something important.<ul> <li>You can have nested bullets.</li> <li>The script correctly preserves the indentation.</li> </ul> </li> <li>Feature Two: Handles another case.</li> </ul>"},{"location":"main-section/sub-section/my-documentation-page/#mermaid-diagrams","title":"Mermaid Diagrams","text":"<p>You can embed Mermaid charts for diagrams and flowcharts. The script is smart enough to handle pasted code with different indentation.</p> <pre><code>graph TD\nA[Start] --&gt; B{Is it valid?};\nB --&gt;|Yes| C[Process Data];\nB --&gt;|No| D[Log Error];\nC --&gt; E[End];\nD --&gt; E;</code></pre> <p>The script will correctly render this as a visual diagram.</p> <ul> <li>@nav Main Section / Sub Section / My Documentation Page</li> </ul>"},{"location":"main-section/sub-section/my-documentation-page/#building-blocks-used","title":"Building Blocks Used","text":"<p>This functionality is composed of the following reusable components:</p> <ul> <li>\\Bambamboole\\LaravelOpenApi\\FunctionalDocBlockExtractor (Not documented)</li> </ul>"},{"location":"main-section/sub-section/my-documentation-page/#composition-graph","title":"Composition Graph","text":"<pre><code>graph LR\n    bambamboolelaravelopenapicommandsgeneratemkdocscommand[\"Main Section / Sub Section / My Documentation Page\"];\n    bambamboolelaravelopenapicommandsgeneratemkdocscommand --&gt; bambamboolelaravelopenapifunctionaldocblockextractor[\"\\Bambamboole\\LaravelOpenApi\\FunctionalDocBlockExtractor\"];\n    style bambamboolelaravelopenapicommandsgeneratemkdocscommand fill:#ffe7cd,stroke:#b38000,stroke-width:4px</code></pre>"},{"location":"main-section/sub-section/my-documentation-page/#further-reading","title":"Further reading","text":"<ul> <li>https://link-to-relevant-docs.com</li> <li>A pre-formatted link</li> </ul>"}]}